// Jest Snapshot v1, https://goo.gl/fbAQLP

exports[`figma.test.ts makeComponentName() 1`] = `"A_1$1"`;
